psp/audio_me.c:1827:12:me_render_stream_raw_pool_valid	0	static
psp/audio_me.c:1841:12:me_render_stream_raw_layout_valid	8	static
psp/audio_me.c:2829:12:me_render_stream_raw_record_valid	0	static
psp/audio_me.c:3638:12:me_item_motion_seed_header_valid	0	static
psp/audio_me.c:3775:12:me_bullet_compact_seed_header_valid	0	static
psp/audio_me.c:3795:12:me_bullet_compact_job_valid	64	static
psp/audio_me.c:6755:39:me_render_expand_kernel	24	static
psp/audio_me.c:10615:12:me_render_stream_completion_echo_matches	0	static
psp/audio_me.c:10114:35:me_render_stream_begin_sc_transition	0	static
psp/audio_me.c:13239:13:me_render_bench_fill_input	32	static
psp/audio_me.c:4649:40:me_item_motion_atan2	0	static
psp/audio_me.c:4654:40:me_item_motion_cos	0	static
psp/audio_me.c:4659:40:me_item_motion_sin	0	static
psp/audio_me.c:4664:17:me_item_motion_update_kernel	248	static
psp/audio_me.c:3685:13:me_item_motion_reset_arenas_on_sc	24	static
psp/audio_me.c:17344:13:initialize_render_stream_slots	56	static
psp/audio_me.c:17296:13:me_item_motion_selftest_cleanup	16	static
psp/audio_me.c:9990:12:me_render_stream_guards_match_on_sc	40	static
psp/audio_me.c:3588:12:me_item_motion_seed_guards_match.part.0	0	static
psp/audio_me.c:10651:12:me_render_stream_item_completion_valid	0	static
psp/audio_me.c:9071:13:me_priority_restore_failed	0	static
psp/audio_me.c:9083:12:restore_me_candidate_priority	16	static
psp/audio_me.c:9117:13:release_me	8	static
psp/audio_me.c:9203:12:claim_me_for_render	8	static
psp/audio_me.c:6912:13:sc_writeback_stream	0	static
psp/audio_me.c:13307:13:me_render_sort_samples.constprop	0	static
psp/audio_me.c:6835:13:mix_on_sc_output.constprop	16	static
psp/audio_me.c:12624:5:th07_psp_sc_audio_mix_into.part.0	16	static
psp/audio_me.c:1719:12:me_render_bounds_valid.constprop	0	static
psp/audio_me.c:2486:12:me_render_stream_item_physical.constprop	0	static
psp/audio_me.c:2512:12:me_render_stream_item_layout_valid	48	static
psp/audio_me.c:1961:12:me_render_stream_list_bullet_physical.constprop	0	static
psp/audio_me.c:5025:12:me_render_stream_bounds_valid.constprop	32	static
psp/audio_me.c:2851:12:me_render_stream_raw_sprite_physical.constprop	0	static
psp/audio_me.c:6334:43:me_render_stream_expand_kernel.constprop	552	static
psp/audio_me.c:14853:12:me_item_diag_fail.isra	0	static
psp/audio_me.c:13223:12:me_render_bench_guards_ok	24	static
psp/audio_me.c:1490:12:stack_guards_match_on_sc	8	static
psp/audio_me.c:9292:13:timeout_me	0	static
psp/audio_me.c:8097:13:process_render_stream_on_me	576	static
psp/audio_me.c:9560:12:dispatch_audio	56	static
psp/audio_me.c:13065:12:selftest_audio	10880	static
psp/audio_me.c:9358:12:dispatch_bgm	56	static
psp/third_party/me-custom-core/me-core.h:20:6:meLibHandler	0	static
psp/audio_me.c:1518:6:meLibOnSleep	0	static
psp/audio_me.c:1539:6:meLibOnWake	0	static
psp/audio_me.c:8910:6:meLibOnProcess	368	static
psp/third_party/me-custom-core/me-core.h:7:6:meLibOnPreProcess	8	static
psp/audio_me.c:9647:6:th07_psp_me_vertex_frame_begin	0	static
psp/audio_me.c:9653:5:th07_psp_me_vertex_pack	64	static
psp/audio_me.c:9791:5:th07_psp_me_render_begin	48	static
psp/audio_me.c:9880:5:th07_psp_me_render_probe	24	static
psp/audio_me.c:9894:5:th07_psp_me_render_retire	120	static
psp/audio_me.c:13322:12:me_render_bench_dispatch	72	static
psp/audio_me.c:13386:12:selftest_render_bench	1256	static
psp/audio_me.c:9947:6:th07_psp_me_render_hard_fault	0	static
psp/audio_me.c:9958:6:th07_psp_me_render_diag_snapshot	0	static
psp/audio_me.c:9969:7:th07_psp_me_render_runtime_input	0	static
psp/audio_me.c:9974:7:th07_psp_me_render_runtime_output	0	static
psp/audio_me.c:10152:14:th07_psp_me_render_stream_hash	0	static
psp/audio_me.c:10160:5:th07_psp_me_render_stream_acquire	32	static
psp/audio_me.c:10223:5:th07_psp_me_render_stream_cancel_build	0	static
psp/audio_me.c:10307:5:th07_psp_me_render_stream_submit	192	static
psp/audio_me.c:10598:5:th07_psp_me_render_stream_probe	16	static
psp/audio_me.c:10732:5:th07_psp_me_render_stream_retire	256	static
psp/audio_me.c:11139:5:th07_psp_me_render_stream_compare	32	static
psp/audio_me.c:11226:5:th07_psp_me_render_stream_release_ready	0	static
psp/audio_me.c:11249:5:th07_psp_me_render_stream_ready_view_matches	8	static
psp/audio_me.c:11297:5:th07_psp_me_render_stream_mark_ge_in_flight	16	static
psp/audio_me.c:11363:5:th07_psp_me_render_stream_release_after_ge	0	static
psp/audio_me.c:11384:5:th07_psp_me_render_stream_abort_ge_mark	0	static
psp/audio_me.c:11401:6:th07_psp_me_render_stream_hard_fault	0	static
psp/audio_me.c:11417:12:me_render_stream_drain_for_shutdown	32	static
psp/audio_me.c:14435:12:me_render_raw_selftest_wait	32	static
psp/audio_me.c:15596:12:selftest_render_stream	5256	static
psp/audio_me.c:11525:5:th07_psp_me_render_stream_drain_live	8	static
psp/audio_me.c:11858:1:th07_psp_me_bullet_compact_seed_bank	24	static
psp/audio_me.c:11873:1:th07_psp_me_item_motion_seed_bank	32	static
psp/audio_me.c:11890:1:th07_psp_me_item_motion_last_output	0	static
psp/audio_me.c:11897:5:th07_psp_me_item_motion_available	0	static
psp/audio_me.c:11908:6:th07_psp_me_item_motion_diag_snapshot	0	static
psp/audio_me.c:11943:5:th07_psp_me_bullet_compact_begin	72	static
psp/audio_me.c:12131:5:th07_psp_me_bullet_compact_poll	344	static
psp/audio_me.c:12436:12:me_bullet_compact_drain_for_shutdown.part.0	104	static
psp/audio_me.c:16291:12:selftest_bullet_compact_update	288	static
psp/audio_me.c:12456:5:th07_psp_me_bullet_compact_drain_live	0	static
psp/audio_me.c:12611:5:th07_psp_me_audio_mix	8	static
psp/audio_me.c:12624:5:th07_psp_sc_audio_mix_into	0	static
psp/audio_me.c:12665:5:th07_psp_me_bgm_reset	0	static
psp/audio_me.c:12675:5:th07_psp_me_bgm_upload	0	static
psp/audio_me.c:12694:5:th07_psp_me_bgm_fetch	0	static
psp/audio_me.c:12713:6:th07_psp_me_bgm_commit_owned	16	static
psp/audio_me.c:12746:5:th07_psp_me_bgm_is_active	0	static
psp/audio_me.c:12766:6:th07_psp_me_bgm_extent	16	static
psp/audio_me.c:12787:5:th07_psp_me_audio_faulted	0	static
psp/audio_me.c:12803:5:th07_psp_me_audio_reset_committed	0	static
psp/audio_me.c:12812:6:th07_psp_me_audio_suspend_latch	0	static
psp/audio_me.c:12829:6:th07_psp_me_audio_diag_snapshot	0	static
psp/audio_me.c:12943:5:th07_psp_me_sfx_upload	0	static
psp/audio_me.c:12952:5:th07_psp_me_sfx_gather	0	static
psp/audio_me.c:12964:5:th07_psp_me_sfx_mix	0	static
psp/audio_me.c:12971:6:th07_psp_me_sfx_extent	0	static
psp/audio_me.c:12980:5:th07_psp_me_audio_stack_guard_ok	16	static
psp/audio_me.c:12993:5:th07_psp_me_audio_power_locked	0	static
psp/audio_me.c:17311:6:th07_psp_me_render_bench_snapshot	0	static
psp/audio_me.c:17399:5:th07_psp_me_item_render_available	0	static
psp/audio_me.c:17405:6:th07_psp_me_item_render_diag_snapshot	0	static
psp/audio_me.c:18017:6:th07_psp_me_audio_shutdown	72	static
psp/audio_me.c:17446:5:th07_psp_me_audio_init	1144	static
psp/audio_me.c:18164:6:th07_psp_me_audio_diag_window	0	static
