psp/audio_me.c:1774:12:me_render_stream_raw_pool_valid	0	static
psp/audio_me.c:1788:12:me_render_stream_raw_layout_valid	8	static
psp/audio_me.c:2426:12:me_render_stream_raw_record_valid	0	static
psp/audio_me.c:3235:12:me_item_motion_seed_header_valid	0	static
psp/audio_me.c:3372:12:me_bullet_compact_seed_header_valid	0	static
psp/audio_me.c:3392:12:me_bullet_compact_job_valid	64	static
psp/audio_me.c:6324:39:me_render_expand_kernel	24	static
psp/audio_me.c:10184:12:me_render_stream_completion_echo_matches	0	static
psp/audio_me.c:9683:35:me_render_stream_begin_sc_transition	0	static
psp/audio_me.c:12808:13:me_render_bench_fill_input	32	static
psp/audio_me.c:4246:40:me_item_motion_atan2	0	static
psp/audio_me.c:4251:40:me_item_motion_cos	0	static
psp/audio_me.c:4256:40:me_item_motion_sin	0	static
psp/audio_me.c:4261:17:me_item_motion_update_kernel	248	static
psp/audio_me.c:3282:13:me_item_motion_reset_arenas_on_sc	24	static
psp/audio_me.c:16715:13:initialize_render_stream_slots	56	static
psp/audio_me.c:16667:13:me_item_motion_selftest_cleanup	16	static
psp/audio_me.c:9559:12:me_render_stream_guards_match_on_sc	40	static
psp/audio_me.c:3185:12:me_item_motion_seed_guards_match.part.0	0	static
psp/audio_me.c:10220:12:me_render_stream_item_completion_valid	0	static
psp/audio_me.c:8640:13:me_priority_restore_failed	0	static
psp/audio_me.c:8652:12:restore_me_candidate_priority	16	static
psp/audio_me.c:8686:13:release_me	8	static
psp/audio_me.c:8772:12:claim_me_for_render	8	static
psp/audio_me.c:6481:13:sc_writeback_stream	0	static
psp/audio_me.c:12876:13:me_render_sort_samples.constprop	0	static
psp/audio_me.c:6404:13:mix_on_sc_output.constprop	16	static
psp/audio_me.c:12193:5:th07_psp_sc_audio_mix_into.part.0	16	static
psp/audio_me.c:1666:12:me_render_bounds_valid.constprop	0	static
psp/audio_me.c:2083:12:me_render_stream_item_physical.constprop	0	static
psp/audio_me.c:2109:12:me_render_stream_item_layout_valid	48	static
psp/audio_me.c:1908:12:me_render_stream_list_bullet_physical.constprop	0	static
psp/audio_me.c:4622:12:me_render_stream_bounds_valid.constprop	32	static
psp/audio_me.c:2448:12:me_render_stream_raw_sprite_physical.constprop	0	static
psp/audio_me.c:5903:43:me_render_stream_expand_kernel.constprop	552	static
psp/audio_me.c:14344:12:me_item_diag_fail.isra	0	static
psp/audio_me.c:12792:12:me_render_bench_guards_ok	24	static
psp/audio_me.c:1437:12:stack_guards_match_on_sc	8	static
psp/audio_me.c:8861:13:timeout_me	0	static
psp/audio_me.c:7666:13:process_render_stream_on_me	576	static
psp/audio_me.c:9129:12:dispatch_audio	56	static
psp/audio_me.c:12634:12:selftest_audio	10880	static
psp/audio_me.c:8927:12:dispatch_bgm	56	static
psp/third_party/me-custom-core/me-core.h:20:6:meLibHandler	0	static
psp/audio_me.c:1465:6:meLibOnSleep	0	static
psp/audio_me.c:1486:6:meLibOnWake	0	static
psp/audio_me.c:8479:6:meLibOnProcess	368	static
psp/third_party/me-custom-core/me-core.h:7:6:meLibOnPreProcess	8	static
psp/audio_me.c:9216:6:th07_psp_me_vertex_frame_begin	0	static
psp/audio_me.c:9222:5:th07_psp_me_vertex_pack	64	static
psp/audio_me.c:9360:5:th07_psp_me_render_begin	48	static
psp/audio_me.c:9449:5:th07_psp_me_render_probe	24	static
psp/audio_me.c:9463:5:th07_psp_me_render_retire	120	static
psp/audio_me.c:12891:12:me_render_bench_dispatch	72	static
psp/audio_me.c:12955:12:selftest_render_bench	1256	static
psp/audio_me.c:9516:6:th07_psp_me_render_hard_fault	0	static
psp/audio_me.c:9527:6:th07_psp_me_render_diag_snapshot	0	static
psp/audio_me.c:9538:7:th07_psp_me_render_runtime_input	0	static
psp/audio_me.c:9543:7:th07_psp_me_render_runtime_output	0	static
psp/audio_me.c:9721:14:th07_psp_me_render_stream_hash	0	static
psp/audio_me.c:9729:5:th07_psp_me_render_stream_acquire	32	static
psp/audio_me.c:9792:5:th07_psp_me_render_stream_cancel_build	0	static
psp/audio_me.c:9876:5:th07_psp_me_render_stream_submit	192	static
psp/audio_me.c:10167:5:th07_psp_me_render_stream_probe	16	static
psp/audio_me.c:10301:5:th07_psp_me_render_stream_retire	256	static
psp/audio_me.c:10708:5:th07_psp_me_render_stream_compare	32	static
psp/audio_me.c:10795:5:th07_psp_me_render_stream_release_ready	0	static
psp/audio_me.c:10818:5:th07_psp_me_render_stream_ready_view_matches	8	static
psp/audio_me.c:10866:5:th07_psp_me_render_stream_mark_ge_in_flight	16	static
psp/audio_me.c:10932:5:th07_psp_me_render_stream_release_after_ge	0	static
psp/audio_me.c:10953:5:th07_psp_me_render_stream_abort_ge_mark	0	static
psp/audio_me.c:10970:6:th07_psp_me_render_stream_hard_fault	0	static
psp/audio_me.c:10986:12:me_render_stream_drain_for_shutdown	32	static
psp/audio_me.c:14004:12:me_render_raw_selftest_wait	32	static
psp/audio_me.c:14974:12:selftest_render_stream	5256	static
psp/audio_me.c:11094:5:th07_psp_me_render_stream_drain_live	8	static
psp/audio_me.c:11427:1:th07_psp_me_bullet_compact_seed_bank	24	static
psp/audio_me.c:11442:1:th07_psp_me_item_motion_seed_bank	32	static
psp/audio_me.c:11459:1:th07_psp_me_item_motion_last_output	0	static
psp/audio_me.c:11466:5:th07_psp_me_item_motion_available	0	static
psp/audio_me.c:11477:6:th07_psp_me_item_motion_diag_snapshot	0	static
psp/audio_me.c:11512:5:th07_psp_me_bullet_compact_begin	72	static
psp/audio_me.c:11700:5:th07_psp_me_bullet_compact_poll	344	static
psp/audio_me.c:12005:12:me_bullet_compact_drain_for_shutdown.part.0	104	static
psp/audio_me.c:15669:12:selftest_bullet_compact_update	288	static
psp/audio_me.c:12025:5:th07_psp_me_bullet_compact_drain_live	0	static
psp/audio_me.c:12180:5:th07_psp_me_audio_mix	8	static
psp/audio_me.c:12193:5:th07_psp_sc_audio_mix_into	0	static
psp/audio_me.c:12234:5:th07_psp_me_bgm_reset	0	static
psp/audio_me.c:12244:5:th07_psp_me_bgm_upload	0	static
psp/audio_me.c:12263:5:th07_psp_me_bgm_fetch	0	static
psp/audio_me.c:12282:6:th07_psp_me_bgm_commit_owned	16	static
psp/audio_me.c:12315:5:th07_psp_me_bgm_is_active	0	static
psp/audio_me.c:12335:6:th07_psp_me_bgm_extent	16	static
psp/audio_me.c:12356:5:th07_psp_me_audio_faulted	0	static
psp/audio_me.c:12372:5:th07_psp_me_audio_reset_committed	0	static
psp/audio_me.c:12381:6:th07_psp_me_audio_suspend_latch	0	static
psp/audio_me.c:12398:6:th07_psp_me_audio_diag_snapshot	0	static
psp/audio_me.c:12512:5:th07_psp_me_sfx_upload	0	static
psp/audio_me.c:12521:5:th07_psp_me_sfx_gather	0	static
psp/audio_me.c:12533:5:th07_psp_me_sfx_mix	0	static
psp/audio_me.c:12540:6:th07_psp_me_sfx_extent	0	static
psp/audio_me.c:12549:5:th07_psp_me_audio_stack_guard_ok	16	static
psp/audio_me.c:12562:5:th07_psp_me_audio_power_locked	0	static
psp/audio_me.c:16682:6:th07_psp_me_render_bench_snapshot	0	static
psp/audio_me.c:16770:5:th07_psp_me_item_render_available	0	static
psp/audio_me.c:16776:6:th07_psp_me_item_render_diag_snapshot	0	static
psp/audio_me.c:17388:6:th07_psp_me_audio_shutdown	72	static
psp/audio_me.c:16817:5:th07_psp_me_audio_init	1144	static
psp/audio_me.c:17535:6:th07_psp_me_audio_diag_window	0	static
