psp/audio_me.c:1737:12:me_render_stream_raw_pool_valid	0	static
psp/audio_me.c:1751:12:me_render_stream_raw_layout_valid	8	static
psp/audio_me.c:2389:12:me_render_stream_raw_record_valid	0	static
psp/audio_me.c:3198:12:me_item_motion_seed_header_valid	0	static
psp/audio_me.c:3335:12:me_bullet_compact_seed_header_valid	0	static
psp/audio_me.c:3355:12:me_bullet_compact_job_valid	64	static
psp/audio_me.c:6082:39:me_render_expand_kernel	24	static
psp/audio_me.c:9852:12:me_render_stream_completion_echo_matches	0	static
psp/audio_me.c:9351:35:me_render_stream_begin_sc_transition	0	static
psp/audio_me.c:12476:13:me_render_bench_fill_input	32	static
psp/audio_me.c:4072:40:me_item_motion_atan2	0	static
psp/audio_me.c:4077:40:me_item_motion_cos	0	static
psp/audio_me.c:4082:40:me_item_motion_sin	0	static
psp/audio_me.c:4087:17:me_item_motion_update_kernel	248	static
psp/audio_me.c:3245:13:me_item_motion_reset_arenas_on_sc	24	static
psp/audio_me.c:15741:13:initialize_render_stream_slots	56	static
psp/audio_me.c:15693:13:me_item_motion_selftest_cleanup	16	static
psp/audio_me.c:9227:12:me_render_stream_guards_match_on_sc	40	static
psp/audio_me.c:3148:12:me_item_motion_seed_guards_match.part.0	0	static
psp/audio_me.c:9888:12:me_render_stream_item_completion_valid	0	static
psp/audio_me.c:8308:13:me_priority_restore_failed	0	static
psp/audio_me.c:8320:12:restore_me_candidate_priority	16	static
psp/audio_me.c:8354:13:release_me	8	static
psp/audio_me.c:8440:12:claim_me_for_render	8	static
psp/audio_me.c:6239:13:sc_writeback_stream	0	static
psp/audio_me.c:12544:13:me_render_sort_samples.constprop	0	static
psp/audio_me.c:6162:13:mix_on_sc_output.constprop	16	static
psp/audio_me.c:11861:5:th07_psp_sc_audio_mix_into.part.0	16	static
psp/audio_me.c:1629:12:me_render_bounds_valid.constprop	0	static
psp/audio_me.c:2046:12:me_render_stream_item_physical.constprop	0	static
psp/audio_me.c:2072:12:me_render_stream_item_layout_valid	48	static
psp/audio_me.c:1871:12:me_render_stream_list_bullet_physical.constprop	0	static
psp/audio_me.c:4425:12:me_render_stream_bounds_valid.constprop	32	static
psp/audio_me.c:2411:12:me_render_stream_raw_sprite_physical.constprop	0	static
psp/audio_me.c:5661:43:me_render_stream_expand_kernel.constprop	552	static
psp/audio_me.c:13441:12:me_item_diag_fail.isra	0	static
psp/audio_me.c:12460:12:me_render_bench_guards_ok	24	static
psp/audio_me.c:1425:12:stack_guards_match_on_sc	8	static
psp/audio_me.c:8529:13:timeout_me	0	static
psp/audio_me.c:7424:13:process_render_stream_on_me	576	static
psp/audio_me.c:8797:12:dispatch_audio	56	static
psp/audio_me.c:12302:12:selftest_audio	10880	static
psp/audio_me.c:8595:12:dispatch_bgm	56	static
psp/third_party/me-custom-core/me-core.h:20:6:meLibHandler	0	static
psp/audio_me.c:1453:6:meLibOnSleep	0	static
psp/audio_me.c:1474:6:meLibOnWake	0	static
psp/audio_me.c:8147:6:meLibOnProcess	368	static
psp/third_party/me-custom-core/me-core.h:7:6:meLibOnPreProcess	8	static
psp/audio_me.c:8884:6:th07_psp_me_vertex_frame_begin	0	static
psp/audio_me.c:8890:5:th07_psp_me_vertex_pack	64	static
psp/audio_me.c:9028:5:th07_psp_me_render_begin	48	static
psp/audio_me.c:9117:5:th07_psp_me_render_probe	24	static
psp/audio_me.c:9131:5:th07_psp_me_render_retire	120	static
psp/audio_me.c:12559:12:me_render_bench_dispatch	72	static
psp/audio_me.c:12623:12:selftest_render_bench	1256	static
psp/audio_me.c:9184:6:th07_psp_me_render_hard_fault	0	static
psp/audio_me.c:9195:6:th07_psp_me_render_diag_snapshot	0	static
psp/audio_me.c:9206:7:th07_psp_me_render_runtime_input	0	static
psp/audio_me.c:9211:7:th07_psp_me_render_runtime_output	0	static
psp/audio_me.c:9389:14:th07_psp_me_render_stream_hash	0	static
psp/audio_me.c:9397:5:th07_psp_me_render_stream_acquire	32	static
psp/audio_me.c:9460:5:th07_psp_me_render_stream_cancel_build	0	static
psp/audio_me.c:9544:5:th07_psp_me_render_stream_submit	192	static
psp/audio_me.c:9835:5:th07_psp_me_render_stream_probe	16	static
psp/audio_me.c:9969:5:th07_psp_me_render_stream_retire	256	static
psp/audio_me.c:10376:5:th07_psp_me_render_stream_compare	32	static
psp/audio_me.c:10463:5:th07_psp_me_render_stream_release_ready	0	static
psp/audio_me.c:10486:5:th07_psp_me_render_stream_ready_view_matches	8	static
psp/audio_me.c:10534:5:th07_psp_me_render_stream_mark_ge_in_flight	16	static
psp/audio_me.c:10600:5:th07_psp_me_render_stream_release_after_ge	0	static
psp/audio_me.c:10621:5:th07_psp_me_render_stream_abort_ge_mark	0	static
psp/audio_me.c:10638:6:th07_psp_me_render_stream_hard_fault	0	static
psp/audio_me.c:10654:12:me_render_stream_drain_for_shutdown	32	static
psp/audio_me.c:13101:12:me_render_raw_selftest_wait	32	static
psp/audio_me.c:14071:12:selftest_render_stream	5256	static
psp/audio_me.c:10762:5:th07_psp_me_render_stream_drain_live	8	static
psp/audio_me.c:11095:1:th07_psp_me_bullet_compact_seed_bank	24	static
psp/audio_me.c:11110:1:th07_psp_me_item_motion_seed_bank	32	static
psp/audio_me.c:11127:1:th07_psp_me_item_motion_last_output	0	static
psp/audio_me.c:11134:5:th07_psp_me_item_motion_available	0	static
psp/audio_me.c:11145:6:th07_psp_me_item_motion_diag_snapshot	0	static
psp/audio_me.c:11180:5:th07_psp_me_bullet_compact_begin	72	static
psp/audio_me.c:11368:5:th07_psp_me_bullet_compact_poll	344	static
psp/audio_me.c:11673:12:me_bullet_compact_drain_for_shutdown.part.0	104	static
psp/audio_me.c:14766:12:selftest_bullet_compact_update	288	static
psp/audio_me.c:11693:5:th07_psp_me_bullet_compact_drain_live	0	static
psp/audio_me.c:11848:5:th07_psp_me_audio_mix	8	static
psp/audio_me.c:11861:5:th07_psp_sc_audio_mix_into	0	static
psp/audio_me.c:11902:5:th07_psp_me_bgm_reset	0	static
psp/audio_me.c:11912:5:th07_psp_me_bgm_upload	0	static
psp/audio_me.c:11931:5:th07_psp_me_bgm_fetch	0	static
psp/audio_me.c:11950:6:th07_psp_me_bgm_commit_owned	16	static
psp/audio_me.c:11983:5:th07_psp_me_bgm_is_active	0	static
psp/audio_me.c:12003:6:th07_psp_me_bgm_extent	16	static
psp/audio_me.c:12024:5:th07_psp_me_audio_faulted	0	static
psp/audio_me.c:12040:5:th07_psp_me_audio_reset_committed	0	static
psp/audio_me.c:12049:6:th07_psp_me_audio_suspend_latch	0	static
psp/audio_me.c:12066:6:th07_psp_me_audio_diag_snapshot	0	static
psp/audio_me.c:12180:5:th07_psp_me_sfx_upload	0	static
psp/audio_me.c:12189:5:th07_psp_me_sfx_gather	0	static
psp/audio_me.c:12201:5:th07_psp_me_sfx_mix	0	static
psp/audio_me.c:12208:6:th07_psp_me_sfx_extent	0	static
psp/audio_me.c:12217:5:th07_psp_me_audio_stack_guard_ok	16	static
psp/audio_me.c:12230:5:th07_psp_me_audio_power_locked	0	static
psp/audio_me.c:15708:6:th07_psp_me_render_bench_snapshot	0	static
psp/audio_me.c:15796:5:th07_psp_me_item_render_available	0	static
psp/audio_me.c:15802:6:th07_psp_me_item_render_diag_snapshot	0	static
psp/audio_me.c:16374:6:th07_psp_me_audio_shutdown	72	static
psp/audio_me.c:15843:5:th07_psp_me_audio_init	1144	static
psp/audio_me.c:16521:6:th07_psp_me_audio_diag_window	0	static
